// Jest Snapshot v1, https://goo.gl/fbAQLP

exports[`#FilterBox renders 1`] = `
<div>
  <form
    class="css-z54kij"
  >
    <label
      class="css-1dtl1qx"
    >
      <div
        class="css-vurnku"
      >
        <input
          class="css-p19g2b"
          name="walmart"
          type="checkbox"
        />
        <svg
          aria-hidden="true"
          class="css-1cbmnb9"
          fill="currentcolor"
          viewBox="0 0 24 24"
          xmlns="http://www.w3.org/2000/svg"
        >
          <path
            d="M19 3H5c-1.11 0-2 .9-2 2v14c0 1.1.89 2 2 2h14c1.11 0 2-.9 2-2V5c0-1.1-.89-2-2-2zm-9 14l-5-5 1.41-1.41L10 14.17l7.59-7.59L19 8l-9 9z"
          />
        </svg>
        <svg
          aria-hidden="true"
          class="css-4cyfn"
          fill="currentcolor"
          viewBox="0 0 24 24"
          xmlns="http://www.w3.org/2000/svg"
        >
          <path
            d="M19 5v14H5V5h14m0-2H5c-1.1 0-2 .9-2 2v14c0 1.1.9 2 2 2h14c1.1 0 2-.9 2-2V5c0-1.1-.9-2-2-2z"
          />
        </svg>
      </div>
      WALMART
    </label>
    <label
      class="css-1dtl1qx"
    >
      <div
        class="css-vurnku"
      >
        <input
          class="css-p19g2b"
          name="cvs"
          type="checkbox"
        />
        <svg
          aria-hidden="true"
          class="css-1cbmnb9"
          fill="currentcolor"
          viewBox="0 0 24 24"
          xmlns="http://www.w3.org/2000/svg"
        >
          <path
            d="M19 3H5c-1.11 0-2 .9-2 2v14c0 1.1.89 2 2 2h14c1.11 0 2-.9 2-2V5c0-1.1-.89-2-2-2zm-9 14l-5-5 1.41-1.41L10 14.17l7.59-7.59L19 8l-9 9z"
          />
        </svg>
        <svg
          aria-hidden="true"
          class="css-4cyfn"
          fill="currentcolor"
          viewBox="0 0 24 24"
          xmlns="http://www.w3.org/2000/svg"
        >
          <path
            d="M19 5v14H5V5h14m0-2H5c-1.1 0-2 .9-2 2v14c0 1.1.9 2 2 2h14c1.1 0 2-.9 2-2V5c0-1.1-.9-2-2-2z"
          />
        </svg>
      </div>
      CVS
    </label>
    <label
      class="css-1dtl1qx"
    >
      <div
        class="css-vurnku"
      >
        <input
          class="css-p19g2b"
          name="walgreens"
          type="checkbox"
        />
        <svg
          aria-hidden="true"
          class="css-1cbmnb9"
          fill="currentcolor"
          viewBox="0 0 24 24"
          xmlns="http://www.w3.org/2000/svg"
        >
          <path
            d="M19 3H5c-1.11 0-2 .9-2 2v14c0 1.1.89 2 2 2h14c1.11 0 2-.9 2-2V5c0-1.1-.89-2-2-2zm-9 14l-5-5 1.41-1.41L10 14.17l7.59-7.59L19 8l-9 9z"
          />
        </svg>
        <svg
          aria-hidden="true"
          class="css-4cyfn"
          fill="currentcolor"
          viewBox="0 0 24 24"
          xmlns="http://www.w3.org/2000/svg"
        >
          <path
            d="M19 5v14H5V5h14m0-2H5c-1.1 0-2 .9-2 2v14c0 1.1.9 2 2 2h14c1.1 0 2-.9 2-2V5c0-1.1-.9-2-2-2z"
          />
        </svg>
      </div>
      WALGREENS
    </label>
    <label
      class="css-1dtl1qx"
    >
      <div
        class="css-vurnku"
      >
        <input
          class="css-p19g2b"
          name="target"
          type="checkbox"
        />
        <svg
          aria-hidden="true"
          class="css-1cbmnb9"
          fill="currentcolor"
          viewBox="0 0 24 24"
          xmlns="http://www.w3.org/2000/svg"
        >
          <path
            d="M19 3H5c-1.11 0-2 .9-2 2v14c0 1.1.89 2 2 2h14c1.11 0 2-.9 2-2V5c0-1.1-.89-2-2-2zm-9 14l-5-5 1.41-1.41L10 14.17l7.59-7.59L19 8l-9 9z"
          />
        </svg>
        <svg
          aria-hidden="true"
          class="css-4cyfn"
          fill="currentcolor"
          viewBox="0 0 24 24"
          xmlns="http://www.w3.org/2000/svg"
        >
          <path
            d="M19 5v14H5V5h14m0-2H5c-1.1 0-2 .9-2 2v14c0 1.1.9 2 2 2h14c1.1 0 2-.9 2-2V5c0-1.1-.9-2-2-2z"
          />
        </svg>
      </div>
      TARGET
    </label>
    <label
      class="css-1dtl1qx"
    >
      <div
        class="css-vurnku"
      >
        <input
          class="css-p19g2b"
          name="rite-aid"
          type="checkbox"
        />
        <svg
          aria-hidden="true"
          class="css-1cbmnb9"
          fill="currentcolor"
          viewBox="0 0 24 24"
          xmlns="http://www.w3.org/2000/svg"
        >
          <path
            d="M19 3H5c-1.11 0-2 .9-2 2v14c0 1.1.89 2 2 2h14c1.11 0 2-.9 2-2V5c0-1.1-.89-2-2-2zm-9 14l-5-5 1.41-1.41L10 14.17l7.59-7.59L19 8l-9 9z"
          />
        </svg>
        <svg
          aria-hidden="true"
          class="css-4cyfn"
          fill="currentcolor"
          viewBox="0 0 24 24"
          xmlns="http://www.w3.org/2000/svg"
        >
          <path
            d="M19 5v14H5V5h14m0-2H5c-1.1 0-2 .9-2 2v14c0 1.1.9 2 2 2h14c1.1 0 2-.9 2-2V5c0-1.1-.9-2-2-2z"
          />
        </svg>
      </div>
      RITE-AID
    </label>
    <label
      class="css-1dtl1qx"
    >
      <div
        class="css-vurnku"
      >
        <input
          class="css-p19g2b"
          name="ralphs"
          type="checkbox"
        />
        <svg
          aria-hidden="true"
          class="css-1cbmnb9"
          fill="currentcolor"
          viewBox="0 0 24 24"
          xmlns="http://www.w3.org/2000/svg"
        >
          <path
            d="M19 3H5c-1.11 0-2 .9-2 2v14c0 1.1.89 2 2 2h14c1.11 0 2-.9 2-2V5c0-1.1-.89-2-2-2zm-9 14l-5-5 1.41-1.41L10 14.17l7.59-7.59L19 8l-9 9z"
          />
        </svg>
        <svg
          aria-hidden="true"
          class="css-4cyfn"
          fill="currentcolor"
          viewBox="0 0 24 24"
          xmlns="http://www.w3.org/2000/svg"
        >
          <path
            d="M19 5v14H5V5h14m0-2H5c-1.1 0-2 .9-2 2v14c0 1.1.9 2 2 2h14c1.1 0 2-.9 2-2V5c0-1.1-.9-2-2-2z"
          />
        </svg>
      </div>
      RALPHS
    </label>
    <label
      class="css-1dtl1qx"
    >
      <div
        class="css-vurnku"
      >
        <input
          class="css-p19g2b"
          name="vons"
          type="checkbox"
        />
        <svg
          aria-hidden="true"
          class="css-1cbmnb9"
          fill="currentcolor"
          viewBox="0 0 24 24"
          xmlns="http://www.w3.org/2000/svg"
        >
          <path
            d="M19 3H5c-1.11 0-2 .9-2 2v14c0 1.1.89 2 2 2h14c1.11 0 2-.9 2-2V5c0-1.1-.89-2-2-2zm-9 14l-5-5 1.41-1.41L10 14.17l7.59-7.59L19 8l-9 9z"
          />
        </svg>
        <svg
          aria-hidden="true"
          class="css-4cyfn"
          fill="currentcolor"
          viewBox="0 0 24 24"
          xmlns="http://www.w3.org/2000/svg"
        >
          <path
            d="M19 5v14H5V5h14m0-2H5c-1.1 0-2 .9-2 2v14c0 1.1.9 2 2 2h14c1.1 0 2-.9 2-2V5c0-1.1-.9-2-2-2z"
          />
        </svg>
      </div>
      VONS
    </label>
    <label
      class="css-1dtl1qx"
    >
      <div
        class="css-vurnku"
      >
        <input
          class="css-p19g2b"
          name="costco"
          type="checkbox"
        />
        <svg
          aria-hidden="true"
          class="css-1cbmnb9"
          fill="currentcolor"
          viewBox="0 0 24 24"
          xmlns="http://www.w3.org/2000/svg"
        >
          <path
            d="M19 3H5c-1.11 0-2 .9-2 2v14c0 1.1.89 2 2 2h14c1.11 0 2-.9 2-2V5c0-1.1-.89-2-2-2zm-9 14l-5-5 1.41-1.41L10 14.17l7.59-7.59L19 8l-9 9z"
          />
        </svg>
        <svg
          aria-hidden="true"
          class="css-4cyfn"
          fill="currentcolor"
          viewBox="0 0 24 24"
          xmlns="http://www.w3.org/2000/svg"
        >
          <path
            d="M19 5v14H5V5h14m0-2H5c-1.1 0-2 .9-2 2v14c0 1.1.9 2 2 2h14c1.1 0 2-.9 2-2V5c0-1.1-.9-2-2-2z"
          />
        </svg>
      </div>
      COSTCO
    </label>
  </form>
</div>
`;
