// Jest Snapshot v1, https://goo.gl/fbAQLP

exports[`#App renders without crashing 1`] = `
<div>
  <div
    class="css-xbdrcs"
  >
    <p
      class="css-143f1i2"
    >
      CVS Pharmacy
    </p>
    <p
      class="css-143f1i2"
    >
      255 Main St
      , 
      Venice
      , 
      CA
       
      90291
    </p>
    <p
      class="css-143f1i2"
    >
      (310) 399-2436
    </p>
  </div>
</div>
`;
